******************************************************************************
                  TI ARM Linker PC v20.2.7                     
******************************************************************************
>> Linked Fri May 29 14:27:41 2026

OUTPUT FILE NAME:   <LEDBlink.out>
ENTRY POINT SYMBOL: "_c_int00"  address: 0000de10


MEMORY CONFIGURATION

         name            origin    length      used     unused   attr    fill
----------------------  --------  ---------  --------  --------  ----  --------
  VECTORS               00000000   00000020  00000020  00000000     X
  KERNEL                00000020   00008000  00003814  000047ec  R  X
  FLASH0                00008020   00177fe0  000073e0  00170c00  R  X
  FLASH1                00180000   00180000  00000000  00180000  R  X
  STACKS                08000000   00000800  00000000  00000800  RW  
  KRAM                  08000800   00000800  00000104  000006fc  RW  
  RAM                   08001000   0003f000  00002020  0003cfe0  RW  


SEGMENT ALLOCATION MAP

run origin  load origin   length   init length attrs members
----------  ----------- ---------- ----------- ----- -------
00000000    00000000    00003838   00003838    r-x
  00000000    00000000    00000020   00000020    r-x .intvecs
  00000020    00000020    000037c4   000037c4    r-x .kernelTEXT
  000037e8    000037e8    00000050   00000050    r-- .cinit
00008020    00008020    000073e0   000073e0    r-x
  00008020    00008020    00007260   00007260    r-x .text
  0000f280    0000f280    00000180   00000180    r-- .const
08000800    08000800    00000104   00000000    rw-
  08000800    08000800    00000104   00000000    rw- .kernelBSS
08001000    08001000    00002020   00000000    rw-
  08001000    08001000    00002000   00000000    rw- .kernelHEAP
  08003000    08003000    00000018   00000000    rw- .data
  08003018    08003018    00000008   00000000    rw- .bss


SECTION ALLOCATION MAP

 output                                  attributes/
section   page    origin      length       input sections
--------  ----  ----------  ----------   ----------------
.intvecs   0    00000000    00000020     
                  00000000    00000020     sys_intvecs.obj (.intvecs)

.kernelTEXT 
*          0    00000020    000037c4     
                  00000020    00002bb8     os_tasks.obj (.kernelTEXT)
                  00002bd8    000004b0     os_portasm.obj (.kernelTEXT)
                  00003088    000003e0     os_port.obj (.kernelTEXT)
                  00003468    0000037c     os_heap.obj (.kernelTEXT)

.cinit     0    000037e8    00000050     
                  000037e8    0000000c     (__TI_handler_table)
                  000037f4    0000000b     (.cinit..data.load) [load image, compression = lzss]
                  000037ff    00000009     (.cinit..kernelBSS.load) [load image, compression = lzss]
                  00003808    00000008     (.cinit..bss.load) [load image, compression = zero_init]
                  00003810    00000008     (.cinit..kernelHEAP.load) [load image, compression = zero_init]
                  00003818    00000020     (__TI_cinit_table)

.text      0    00008020    00007260     
                  00008020    00002cdc     sys_selftest.obj (.text)
                  0000acfc    00000b68     system.obj (.text)
                  0000b864    0000089c     sys_vim.obj (.text)
                  0000c100    00000664     errata_SSWF021_45.obj (.text)
                  0000c764    00000640     pinmux.obj (.text)
                  0000cda4    000005bc     esm.obj (.text)
                  0000d360    00000484     gio.obj (.text)
                  0000d7e4    0000034c     sys_core.obj (.text)
                  0000db30    000002e0     emif.obj (.text)
                  0000de10    000002a4     sys_startup.obj (.text:retain)
                  0000e0b4    00000290     sys_vim.obj (.text:retain)
                  0000e344    00000278     os_heap.obj (.text)
                  0000e5bc    00000238     os_list.obj (.text)
                  0000e7f4    000001e0     notification.obj (.text)
                  0000e9d4    000001b0     os_port.obj (.text)
                  0000eb84    00000158     os_tasks.obj (.text)
                  0000ecdc    00000114     esm.obj (.text:retain)
                  0000edf0    000000e8     dabort.obj (.text)
                  0000eed8    000000e0     sys_pmu.obj (.text)
                  0000efb8    000000c4     sys_main.obj (.text)
                  0000f07c    0000009c     rtsv7R4_T_be_v3D16_eabi.lib : memcpy_t2.asm.obj (.text)
                  0000f118    0000007a                                 : memset_t2.asm.obj (.text)
                  0000f192    0000006c                                 : copy_decompress_lzss.c.obj (.text:decompress:lzss:__TI_decompress_lzss)
                  0000f1fe    00000002     --HOLE-- [fill = 0]
                  0000f200    00000044                                 : autoinit.c.obj (.text:__TI_auto_init_nobinit_nopinit:__TI_auto_init_nobinit_nopinit)
                  0000f244    00000016                                 : strlen.c.obj (.text:strlen)
                  0000f25a    0000000e                                 : copy_decompress_none.c.obj (.text:decompress:none:__TI_decompress_none)
                  0000f268    0000000c                                 : copy_zero_init.c.obj (.text:decompress:ZI:__TI_zero_init)
                  0000f274    00000004                                 : exit.c.obj (.text:abort:abort)
                  0000f278    00000004     sys_phantom.obj (.text:retain)
                  0000f27c    00000004     sys_startup.obj (.text)

.const     0    0000f280    00000180     
                  0000f280    00000180     sys_vim.obj (.const:s_vim_init)

.kernelBSS 
*          0    08000800    00000104     UNINITIALIZED
                  08000800    000000d0     os_tasks.obj (.kernelBSS:uninit)
                  080008d0    00000034     os_tasks.obj (.kernelBSS:init)

.kernelHEAP 
*          0    08001000    00002000     UNINITIALIZED
                  08001000    00002000     os_heap.obj (.kernelHEAP)

.data      0    08003000    00000018     UNINITIALIZED
                  08003000    00000010     os_heap.obj (.data)
                  08003010    00000008     os_port.obj (.data)

.bss       0    08003018    00000008     UNINITIALIZED
                  08003018    00000008     os_heap.obj (.bss:xStart)

__llvm_prf_cnts 
*          0    08001000    00000000     UNINITIALIZED

MODULE SUMMARY

       Module                       code    ro data   rw data
       ------                       ----    -------   -------
    .\source\
       os_tasks.obj                 11536   0         260    
       sys_selftest.obj             11484   0         0      
       os_heap.obj                  1524    0         8216   
       sys_vim.obj                  2860    384       0      
       system.obj                   2920    0         0      
       esm.obj                      1744    0         0      
       errata_SSWF021_45.obj        1636    0         0      
       pinmux.obj                   1600    0         0      
       os_port.obj                  1424    0         8      
       os_portasm.obj               1200    0         0      
       gio.obj                      1156    0         0      
       sys_core.obj                 844     0         0      
       emif.obj                     736     0         0      
       sys_startup.obj              680     0         0      
       os_list.obj                  568     0         0      
       notification.obj             480     0         0      
       dabort.obj                   232     0         0      
       sys_pmu.obj                  224     0         0      
       sys_main.obj                 196     0         0      
       sys_intvecs.obj              32      0         0      
       sys_phantom.obj              4       0         0      
    +--+----------------------------+-------+---------+---------+
       Total:                       43080   384       8484   
                                                             
    C:/ti/ccs1281/ccs/tools/compiler/ti-cgt-arm_20.2.7.LTS/lib/rtsv7R4_T_be_v3D16_eabi.lib
       memcpy_t2.asm.obj            156     0         0      
       memset_t2.asm.obj            122     0         0      
       copy_decompress_lzss.c.obj   108     0         0      
       autoinit.c.obj               68      0         0      
       strlen.c.obj                 22      0         0      
       copy_decompress_none.c.obj   14      0         0      
       copy_zero_init.c.obj         12      0         0      
       exit.c.obj                   4       0         0      
    +--+----------------------------+-------+---------+---------+
       Total:                       506     0         0      
                                                             
       Linker Generated:            0       80        0      
    +--+----------------------------+-------+---------+---------+
       Grand Total:                 43586   464       8484   


LINKER GENERATED COPY TABLES

__TI_cinit_table @ 00003818 records: 4, size/record: 8, table size: 32
	.data: load addr=000037f4, load size=0000000b bytes, run addr=08003000, run size=00000018 bytes, compression=lzss
	.kernelBSS: load addr=000037ff, load size=00000009 bytes, run addr=08000800, run size=00000104 bytes, compression=lzss
	.bss: load addr=00003808, load size=00000008 bytes, run addr=08003018, run size=00000008 bytes, compression=zero_init
	.kernelHEAP: load addr=00003810, load size=00000008 bytes, run addr=08001000, run size=00002000 bytes, compression=zero_init


LINKER GENERATED HANDLER TABLE

__TI_handler_table @ 000037e8 records: 3, size/record: 4, table size: 12
	index: 0, handler: __TI_decompress_lzss
	index: 1, handler: __TI_decompress_none
	index: 2, handler: __TI_zero_init


GLOBAL SYMBOLS: SORTED ALPHABETICALLY BY Name 

address   name                                
-------   ----                                
0000f275  C$$EXIT                             
UNDEFED   SHT$$INIT_ARRAY$$Base               
UNDEFED   SHT$$INIT_ARRAY$$Limit              
00003818  __TI_CINIT_Base                     
00003838  __TI_CINIT_Limit                    
000037e8  __TI_Handler_Table_Base             
000037f4  __TI_Handler_Table_Limit            
0000db28  __TI_PINIT_Base                     
0000db2c  __TI_PINIT_Limit                    
0000f201  __TI_auto_init_nobinit_nopinit      
0000f193  __TI_decompress_lzss                
0000f25b  __TI_decompress_none                
ffffffff  __TI_pprof_out_hndl                 
ffffffff  __TI_prof_data_size                 
ffffffff  __TI_prof_data_start                
00000000  __TI_static_base__                  
0000f269  __TI_zero_init                      
0000f119  __aeabi_memclr                      
0000f119  __aeabi_memclr4                     
0000f119  __aeabi_memclr8                     
0000f07d  __aeabi_memcpy                      
0000f07d  __aeabi_memcpy4                     
0000f07d  __aeabi_memcpy8                     
0000f11b  __aeabi_memset                      
0000f11b  __aeabi_memset4                     
0000f11b  __aeabi_memset8                     
ffffffff  __binit__                           
ffffffff  __c_args__                          
08001000  __start___llvm_prf_cnts             
08001000  __stop___llvm_prf_cnts              
0000de10  _c_int00                            
0000da40  _coreClearAuxiliaryDataFault_       
0000da54  _coreClearAuxiliaryInstructionFault_
0000da18  _coreClearDataFaultAddress_         
0000d9f0  _coreClearDataFault_                
0000da2c  _coreClearInstructionFaultAddress_  
0000da04  _coreClearInstructionFault_         
0000d984  _coreDisableEventBusExport_         
0000d9c8  _coreDisableFlashEcc_               
0000d9a4  _coreDisableRamEcc_                 
0000d974  _coreEnableEventBusExport_          
0000d9b4  _coreEnableFlashEcc_                
0000d9d8  _coreEnableIrqVicOffset_            
0000d994  _coreEnableRamEcc_                  
0000d95c  _coreEnableVfp_                     
0000da38  _coreGetAuxiliaryDataFault_         
0000da4c  _coreGetAuxiliaryInstructionFault_  
0000da10  _coreGetDataFaultAddress_           
0000d9e8  _coreGetDataFault_                  
0000da24  _coreGetInstructionFaultAddress_    
0000d9fc  _coreGetInstructionFault_           
0000d7e4  _coreInitRegisters_                 
0000d8f0  _coreInitStackPointer_              
0000edf0  _dabort                             
0000da68  _disable_FIQ_interrupt_             
0000da70  _disable_IRQ_interrupt_             
0000da60  _disable_interrupt_                 
0000da78  _enable_interrupt_                  
0000db08  _errata_CORTEXR4_57_                
0000db18  _errata_CORTEXR4_66_                
0000c100  _errata_SSWF021_45_both_plls        
0000c2f4  _errata_SSWF021_45_pll1             
0000c46c  _errata_SSWF021_45_pll2             
0000da80  _esmCcmErrorsClear_                 
0000d93c  _getCPSRValue_                      
0000d944  _gotoCPUIdle_                       
0000ef34  _pmuDisableCountersGlobal_          
0000ef24  _pmuEnableCountersGlobal_           
0000ef90  _pmuGetCycleCount_                  
0000ef98  _pmuGetEventCount_                  
0000efa4  _pmuGetOverflow_                    
0000eed8  _pmuInit_                           
0000ef64  _pmuResetCounters_                  
0000ef44  _pmuResetCycleCounter_              
0000ef54  _pmuResetEventCounters_             
0000ef84  _pmuSetCountEvent_                  
0000ef74  _pmuStartCounters_                  
0000ef7c  _pmuStopCounters_                   
UNDEFED   _system_post_cinit                  
0000f275  abort                               
0000926c  adc1ParityCheck                     
00009358  adc2ParityCheck                     
0000e84c  adcNotification                     
ffffffff  binit                               
00009410  can1ParityCheck                     
000094e8  can2ParityCheck                     
000095b0  can3ParityCheck                     
0000e860  canErrorNotification                
0000e888  canMessageNotification              
0000e874  canStatusChangeNotification         
00008030  ccmSelfCheck                        
0000a6fc  ccmr4GetConfigValue                 
00008938  checkB0RAMECC                       
00008b28  checkB1RAMECC                       
00009c18  checkClockMonitor                   
00008d18  checkFlashECC                       
00009cf4  checkFlashEEPROMECC                 
00009e8c  checkPLL1Slip                       
00009f8c  checkPLL2Slip                       
0000a050  checkRAMAddrParity                  
000099d0  checkRAMECC                         
0000a15c  checkRAMUERRTest                    
000087bc  checkefcSelfTest                    
00008234  cpuSelfTest                         
00008dfc  cpuSelfTestFail                     
0000e98c  crcNotification                     
0000b788  customTrimLPO                       
00008df4  custom_dabort                       
0000e89c  dccNotification                     
0000efb8  delay                               
0000ab58  disableParity                       
0000e9a0  dmaGroupANotification               
00008eac  dmaParityCheck                      
00001f00  eTaskConfirmSleepModeStatus         
00000888  eTaskGetState                       
0000e964  edgeNotification                    
00008660  efcCheck                            
0000a660  efcGetConfigValue                   
00008794  efcSelfTest                         
000086e8  efcStuckZeroTest                    
0000e9c4  emacRxNotification                  
0000e9b4  emacTxNotification                  
0000dc18  emifGetConfigValue                  
0000db34  emif_ASYNC1Init                     
0000db80  emif_ASYNC2Init                     
0000dbcc  emif_ASYNC3Init                     
0000db30  emif_SDRAMInit                      
0000dd70  emif_SDRAM_StartupInit              
0000aad0  enableParity                        
0000a76c  errata_PBIST_4                      
0000cf28  esmActivateNormalOperation          
0000cffc  esmClearStatus                      
0000d03c  esmClearStatusBuffer                
0000cef0  esmDisableError                     
0000cf60  esmDisableInterrupt                 
0000cec8  esmEnableError                      
0000cf38  esmEnableInterrupt                  
0000d134  esmEnterSelfTest                    
0000ceac  esmError                            
0000d20c  esmGetConfigValue                   
0000d078  esmGetStatus                        
0000d0fc  esmGetStatusBuffer                  
0000e7f4  esmGroup1Notification               
0000e804  esmGroup2Notification               
0000ecdc  esmHighInterrupt                    
0000cda4  esmInit                             
0000d1bc  esmSelfTestStatus                   
0000d058  esmSetCounterPreloadValue           
0000cf88  esmSetInterruptLevel                
0000cf18  esmTriggerErrorPinReset             
0000a2c4  fmcBus1ParityCheck                  
0000885c  fmcBus2Check                        
00008898  fmcECCcheck                         
0000d5c0  gioDisableNotification              
0000d558  gioEnableNotification               
0000d4c0  gioGetBit                           
0000d628  gioGetConfigValue                   
0000d4e8  gioGetPort                          
0000d360  gioInit                             
0000e8b0  gioNotification                     
0000d450  gioSetBit                           
0000d430  gioSetDirection                     
0000d4a0  gioSetPort                          
0000d500  gioToggleBit                        
0000f27c  handlePLLLockFail                   
00008f58  het1ParityCheck                     
000090c0  het2ParityCheck                     
0000e978  hetNotification                     
00009004  htu1ParityCheck                     
000091bc  htu2ParityCheck                     
0000e8c4  i2cNotification                     
0000e8d8  linNotification                     
0000f034  main                                
0000ae64  mapClocks                           
0000f07d  memcpy                              
00008174  memoryInit                          
0000e814  memoryPort0TestFailNotification     
0000e830  memoryPort1TestFailNotification     
0000f121  memset                              
00009684  mibspi1ParityCheck                  
0000978c  mibspi3ParityCheck                  
000098b0  mibspi5ParityCheck                  
0000e900  mibspiGroupNotification             
0000e8ec  mibspiNotification                  
0000c764  muxInit                             
0000a3ec  pbistFail                           
0000a470  pbistGetConfigValue                 
000085a8  pbistIsTestCompleted                
000085d4  pbistIsTestPassed                   
00008608  pbistPortTestStatus                 
000084ac  pbistRun                            
000082cc  pbistSelfCheck                      
00008578  pbistStop                           
00001344  pcTaskGetName                       
0000ae10  periphInit                          
0000f278  phantomInterrupt                    
0000caf8  pinmuxGetConfigValue                
00003060  prvMpuDisable                       
00003048  prvMpuEnable                        
00003030  prvMpuSetRegion                     
00003468  pvPortMalloc                        
00001fe0  pvTaskGetThreadLocalStoragePointer  
0000e94c  pwmNotification                     
080008d0  pxCurrentTCB                        
00003088  pxPortInitialiseStack               
00000000  resetEntry                          
0000e914  sciNotification                     
00008020  selftestFailNotification            
0000add0  setupFlash                          
0000acfc  setupPLL                            
0000e93c  spiEndNotification                  
0000e928  spiNotification                     
0000b64c  sramGetConfigValue                  
0000a5bc  stcGetConfigValue                   
000081b8  stcSelfCheck                        
00008df8  stcSelfCheckFail                    
0000f245  strlen                              
0000b08c  systemGetConfigValue                
0000af8c  systemInit                          
0000b05c  systemPowerDown                     
0000b4a0  tcmflashGetConfigValue              
0000ad5c  trimLPO                             
08003010  ulCriticalNesting                   
00002f58  ulPortCountLeadingZeros             
08003014  ulTaskHasFPUContext                 
00002378  ulTaskNotifyTake                    
0000e768  uxListRemove                        
00001338  uxTaskGetNumberOfTasks              
00002224  uxTaskGetStackHighWaterMark         
0000098c  uxTaskPriorityGet                   
000009d0  uxTaskPriorityGetFromISR            
0000233c  uxTaskResetEventItemValue           
0000e5bc  vListInitialise                     
0000e614  vListInitialiseItem                 
0000e6a4  vListInsert                         
0000e630  vListInsertEnd                      
00003434  vPortEndScheduler                   
000036bc  vPortFree                           
000037cc  vPortInitialiseBlocks               
00002f4c  vPortInitialiseFPSCR                
00002e4c  vPortPreemptiveTick                 
00002f60  vPortSWI                            
00002bdc  vPortStartFirstTask                 
0000319c  vPortStoreTaskMPUSettings           
00002d58  vPortYeildWithinAPI                 
00002c6c  vPortYieldProcessor                 
0000204c  vTaskAllocateMPURegions             
00000804  vTaskDelay                          
00000698  vTaskDelayUntil                     
00000530  vTaskDelete                         
00001074  vTaskEndScheduler                   
00001ef0  vTaskMissedYield                    
00002930  vTaskNotifyGiveFromISR              
00001ab8  vTaskPlaceOnEventList               
00001afc  vTaskPlaceOnUnorderedEventList      
00000a18  vTaskPrioritySet                    
00000e14  vTaskResume                         
00001f7c  vTaskSetThreadLocalStoragePointer   
00001d74  vTaskSetTimeOutState                
00000fdc  vTaskStartScheduler                 
00001658  vTaskStepTick                       
00000c10  vTaskSuspend                        
00001090  vTaskSuspendAll                     
000019d8  vTaskSwitchContext                  
0000b938  vimChannelMap                       
0000bb34  vimDisableInterrupt                 
0000b9dc  vimEnableInterrupt                  
0000bbb8  vimGetConfigValue                   
0000b864  vimInit                             
00008e00  vimParityCheck                      
0000e0b4  vimParityErrorHandler               
000037b4  xPortGetFreeHeapSize                
000037c0  xPortGetMinimumEverFreeHeapSize     
00003410  xPortStartScheduler                 
000016b4  xTaskAbortDelay                     
00001db8  xTaskCheckForTimeOut                
000000fc  xTaskCreate                         
00000020  xTaskCreateRestricted               
00002560  xTaskGenericNotify                  
00002730  xTaskGenericNotifyFromISR           
00001518  xTaskGetHandle                      
00001620  xTaskGetIdleTaskHandle              
000022ec  xTaskGetSchedulerState              
000012f8  xTaskGetTickCount                   
00001314  xTaskGetTickCountFromISR            
000017b0  xTaskIncrementTick                  
0000ec60  xTaskNotifyStateClear               
0000244c  xTaskNotifyWait                     
00001b80  xTaskRemoveFromEventList            
00001c70  xTaskRemoveFromUnorderedEventList   
00001148  xTaskResumeAll                      
00000ef4  xTaskResumeFromISR                  


GLOBAL SYMBOLS: SORTED BY Symbol Address 

address   name                                
-------   ----                                
00000000  __TI_static_base__                  
00000000  resetEntry                          
00000020  xTaskCreateRestricted               
000000fc  xTaskCreate                         
00000530  vTaskDelete                         
00000698  vTaskDelayUntil                     
00000804  vTaskDelay                          
00000888  eTaskGetState                       
0000098c  uxTaskPriorityGet                   
000009d0  uxTaskPriorityGetFromISR            
00000a18  vTaskPrioritySet                    
00000c10  vTaskSuspend                        
00000e14  vTaskResume                         
00000ef4  xTaskResumeFromISR                  
00000fdc  vTaskStartScheduler                 
00001074  vTaskEndScheduler                   
00001090  vTaskSuspendAll                     
00001148  xTaskResumeAll                      
000012f8  xTaskGetTickCount                   
00001314  xTaskGetTickCountFromISR            
00001338  uxTaskGetNumberOfTasks              
00001344  pcTaskGetName                       
00001518  xTaskGetHandle                      
00001620  xTaskGetIdleTaskHandle              
00001658  vTaskStepTick                       
000016b4  xTaskAbortDelay                     
000017b0  xTaskIncrementTick                  
000019d8  vTaskSwitchContext                  
00001ab8  vTaskPlaceOnEventList               
00001afc  vTaskPlaceOnUnorderedEventList      
00001b80  xTaskRemoveFromEventList            
00001c70  xTaskRemoveFromUnorderedEventList   
00001d74  vTaskSetTimeOutState                
00001db8  xTaskCheckForTimeOut                
00001ef0  vTaskMissedYield                    
00001f00  eTaskConfirmSleepModeStatus         
00001f7c  vTaskSetThreadLocalStoragePointer   
00001fe0  pvTaskGetThreadLocalStoragePointer  
0000204c  vTaskAllocateMPURegions             
00002224  uxTaskGetStackHighWaterMark         
000022ec  xTaskGetSchedulerState              
0000233c  uxTaskResetEventItemValue           
00002378  ulTaskNotifyTake                    
0000244c  xTaskNotifyWait                     
00002560  xTaskGenericNotify                  
00002730  xTaskGenericNotifyFromISR           
00002930  vTaskNotifyGiveFromISR              
00002bdc  vPortStartFirstTask                 
00002c6c  vPortYieldProcessor                 
00002d58  vPortYeildWithinAPI                 
00002e4c  vPortPreemptiveTick                 
00002f4c  vPortInitialiseFPSCR                
00002f58  ulPortCountLeadingZeros             
00002f60  vPortSWI                            
00003030  prvMpuSetRegion                     
00003048  prvMpuEnable                        
00003060  prvMpuDisable                       
00003088  pxPortInitialiseStack               
0000319c  vPortStoreTaskMPUSettings           
00003410  xPortStartScheduler                 
00003434  vPortEndScheduler                   
00003468  pvPortMalloc                        
000036bc  vPortFree                           
000037b4  xPortGetFreeHeapSize                
000037c0  xPortGetMinimumEverFreeHeapSize     
000037cc  vPortInitialiseBlocks               
000037e8  __TI_Handler_Table_Base             
000037f4  __TI_Handler_Table_Limit            
00003818  __TI_CINIT_Base                     
00003838  __TI_CINIT_Limit                    
00008020  selftestFailNotification            
00008030  ccmSelfCheck                        
00008174  memoryInit                          
000081b8  stcSelfCheck                        
00008234  cpuSelfTest                         
000082cc  pbistSelfCheck                      
000084ac  pbistRun                            
00008578  pbistStop                           
000085a8  pbistIsTestCompleted                
000085d4  pbistIsTestPassed                   
00008608  pbistPortTestStatus                 
00008660  efcCheck                            
000086e8  efcStuckZeroTest                    
00008794  efcSelfTest                         
000087bc  checkefcSelfTest                    
0000885c  fmcBus2Check                        
00008898  fmcECCcheck                         
00008938  checkB0RAMECC                       
00008b28  checkB1RAMECC                       
00008d18  checkFlashECC                       
00008df4  custom_dabort                       
00008df8  stcSelfCheckFail                    
00008dfc  cpuSelfTestFail                     
00008e00  vimParityCheck                      
00008eac  dmaParityCheck                      
00008f58  het1ParityCheck                     
00009004  htu1ParityCheck                     
000090c0  het2ParityCheck                     
000091bc  htu2ParityCheck                     
0000926c  adc1ParityCheck                     
00009358  adc2ParityCheck                     
00009410  can1ParityCheck                     
000094e8  can2ParityCheck                     
000095b0  can3ParityCheck                     
00009684  mibspi1ParityCheck                  
0000978c  mibspi3ParityCheck                  
000098b0  mibspi5ParityCheck                  
000099d0  checkRAMECC                         
00009c18  checkClockMonitor                   
00009cf4  checkFlashEEPROMECC                 
00009e8c  checkPLL1Slip                       
00009f8c  checkPLL2Slip                       
0000a050  checkRAMAddrParity                  
0000a15c  checkRAMUERRTest                    
0000a2c4  fmcBus1ParityCheck                  
0000a3ec  pbistFail                           
0000a470  pbistGetConfigValue                 
0000a5bc  stcGetConfigValue                   
0000a660  efcGetConfigValue                   
0000a6fc  ccmr4GetConfigValue                 
0000a76c  errata_PBIST_4                      
0000aad0  enableParity                        
0000ab58  disableParity                       
0000acfc  setupPLL                            
0000ad5c  trimLPO                             
0000add0  setupFlash                          
0000ae10  periphInit                          
0000ae64  mapClocks                           
0000af8c  systemInit                          
0000b05c  systemPowerDown                     
0000b08c  systemGetConfigValue                
0000b4a0  tcmflashGetConfigValue              
0000b64c  sramGetConfigValue                  
0000b788  customTrimLPO                       
0000b864  vimInit                             
0000b938  vimChannelMap                       
0000b9dc  vimEnableInterrupt                  
0000bb34  vimDisableInterrupt                 
0000bbb8  vimGetConfigValue                   
0000c100  _errata_SSWF021_45_both_plls        
0000c2f4  _errata_SSWF021_45_pll1             
0000c46c  _errata_SSWF021_45_pll2             
0000c764  muxInit                             
0000caf8  pinmuxGetConfigValue                
0000cda4  esmInit                             
0000ceac  esmError                            
0000cec8  esmEnableError                      
0000cef0  esmDisableError                     
0000cf18  esmTriggerErrorPinReset             
0000cf28  esmActivateNormalOperation          
0000cf38  esmEnableInterrupt                  
0000cf60  esmDisableInterrupt                 
0000cf88  esmSetInterruptLevel                
0000cffc  esmClearStatus                      
0000d03c  esmClearStatusBuffer                
0000d058  esmSetCounterPreloadValue           
0000d078  esmGetStatus                        
0000d0fc  esmGetStatusBuffer                  
0000d134  esmEnterSelfTest                    
0000d1bc  esmSelfTestStatus                   
0000d20c  esmGetConfigValue                   
0000d360  gioInit                             
0000d430  gioSetDirection                     
0000d450  gioSetBit                           
0000d4a0  gioSetPort                          
0000d4c0  gioGetBit                           
0000d4e8  gioGetPort                          
0000d500  gioToggleBit                        
0000d558  gioEnableNotification               
0000d5c0  gioDisableNotification              
0000d628  gioGetConfigValue                   
0000d7e4  _coreInitRegisters_                 
0000d8f0  _coreInitStackPointer_              
0000d93c  _getCPSRValue_                      
0000d944  _gotoCPUIdle_                       
0000d95c  _coreEnableVfp_                     
0000d974  _coreEnableEventBusExport_          
0000d984  _coreDisableEventBusExport_         
0000d994  _coreEnableRamEcc_                  
0000d9a4  _coreDisableRamEcc_                 
0000d9b4  _coreEnableFlashEcc_                
0000d9c8  _coreDisableFlashEcc_               
0000d9d8  _coreEnableIrqVicOffset_            
0000d9e8  _coreGetDataFault_                  
0000d9f0  _coreClearDataFault_                
0000d9fc  _coreGetInstructionFault_           
0000da04  _coreClearInstructionFault_         
0000da10  _coreGetDataFaultAddress_           
0000da18  _coreClearDataFaultAddress_         
0000da24  _coreGetInstructionFaultAddress_    
0000da2c  _coreClearInstructionFaultAddress_  
0000da38  _coreGetAuxiliaryDataFault_         
0000da40  _coreClearAuxiliaryDataFault_       
0000da4c  _coreGetAuxiliaryInstructionFault_  
0000da54  _coreClearAuxiliaryInstructionFault_
0000da60  _disable_interrupt_                 
0000da68  _disable_FIQ_interrupt_             
0000da70  _disable_IRQ_interrupt_             
0000da78  _enable_interrupt_                  
0000da80  _esmCcmErrorsClear_                 
0000db08  _errata_CORTEXR4_57_                
0000db18  _errata_CORTEXR4_66_                
0000db28  __TI_PINIT_Base                     
0000db2c  __TI_PINIT_Limit                    
0000db30  emif_SDRAMInit                      
0000db34  emif_ASYNC1Init                     
0000db80  emif_ASYNC2Init                     
0000dbcc  emif_ASYNC3Init                     
0000dc18  emifGetConfigValue                  
0000dd70  emif_SDRAM_StartupInit              
0000de10  _c_int00                            
0000e0b4  vimParityErrorHandler               
0000e5bc  vListInitialise                     
0000e614  vListInitialiseItem                 
0000e630  vListInsertEnd                      
0000e6a4  vListInsert                         
0000e768  uxListRemove                        
0000e7f4  esmGroup1Notification               
0000e804  esmGroup2Notification               
0000e814  memoryPort0TestFailNotification     
0000e830  memoryPort1TestFailNotification     
0000e84c  adcNotification                     
0000e860  canErrorNotification                
0000e874  canStatusChangeNotification         
0000e888  canMessageNotification              
0000e89c  dccNotification                     
0000e8b0  gioNotification                     
0000e8c4  i2cNotification                     
0000e8d8  linNotification                     
0000e8ec  mibspiNotification                  
0000e900  mibspiGroupNotification             
0000e914  sciNotification                     
0000e928  spiNotification                     
0000e93c  spiEndNotification                  
0000e94c  pwmNotification                     
0000e964  edgeNotification                    
0000e978  hetNotification                     
0000e98c  crcNotification                     
0000e9a0  dmaGroupANotification               
0000e9b4  emacTxNotification                  
0000e9c4  emacRxNotification                  
0000ec60  xTaskNotifyStateClear               
0000ecdc  esmHighInterrupt                    
0000edf0  _dabort                             
0000eed8  _pmuInit_                           
0000ef24  _pmuEnableCountersGlobal_           
0000ef34  _pmuDisableCountersGlobal_          
0000ef44  _pmuResetCycleCounter_              
0000ef54  _pmuResetEventCounters_             
0000ef64  _pmuResetCounters_                  
0000ef74  _pmuStartCounters_                  
0000ef7c  _pmuStopCounters_                   
0000ef84  _pmuSetCountEvent_                  
0000ef90  _pmuGetCycleCount_                  
0000ef98  _pmuGetEventCount_                  
0000efa4  _pmuGetOverflow_                    
0000efb8  delay                               
0000f034  main                                
0000f07d  __aeabi_memcpy                      
0000f07d  __aeabi_memcpy4                     
0000f07d  __aeabi_memcpy8                     
0000f07d  memcpy                              
0000f119  __aeabi_memclr                      
0000f119  __aeabi_memclr4                     
0000f119  __aeabi_memclr8                     
0000f11b  __aeabi_memset                      
0000f11b  __aeabi_memset4                     
0000f11b  __aeabi_memset8                     
0000f121  memset                              
0000f193  __TI_decompress_lzss                
0000f201  __TI_auto_init_nobinit_nopinit      
0000f245  strlen                              
0000f25b  __TI_decompress_none                
0000f269  __TI_zero_init                      
0000f275  C$$EXIT                             
0000f275  abort                               
0000f278  phantomInterrupt                    
0000f27c  handlePLLLockFail                   
080008d0  pxCurrentTCB                        
08001000  __start___llvm_prf_cnts             
08001000  __stop___llvm_prf_cnts              
08003010  ulCriticalNesting                   
08003014  ulTaskHasFPUContext                 
ffffffff  __TI_pprof_out_hndl                 
ffffffff  __TI_prof_data_size                 
ffffffff  __TI_prof_data_start                
ffffffff  __binit__                           
ffffffff  __c_args__                          
ffffffff  binit                               
UNDEFED   SHT$$INIT_ARRAY$$Base               
UNDEFED   SHT$$INIT_ARRAY$$Limit              
UNDEFED   _system_post_cinit                  

[292 symbols]
